#
# There is insufficient memory for the Java Runtime Environment to continue.
# Native memory allocation (mmap) failed to map 117440512 bytes. Error detail: G1 virtual space
# Possible reasons:
#   The system is out of physical RAM or swap space
#   This process is running with CompressedOops enabled, and the Java Heap may be blocking the growth of the native heap
# Possible solutions:
#   Reduce memory load on the system
#   Increase physical memory or swap space
#   Check if swap backing store is full
#   Decrease Java heap size (-Xmx/-Xms)
#   Decrease number of Java threads
#   Decrease Java thread stack sizes (-Xss)
#   Set larger code cache with -XX:ReservedCodeCacheSize=
#   JVM is running with Unscaled Compressed Oops mode in which the Java heap is
#     placed in the first 4GB address space. The Java Heap base address is the
#     maximum limit for the native heap growth. Please use -XX:HeapBaseMinAddress
#     to set the Java Heap base and to place the Java Heap above 4GB virtual address.
# This output file may be truncated or incomplete.
#
#  Out of Memory Error (os_windows.cpp:3710), pid=30300, tid=31820
#
# JRE version:  (17.0.14+7) (build )
# Java VM: OpenJDK 64-Bit Server VM (17.0.14+7-LTS, mixed mode, sharing, tiered, compressed oops, compressed class ptrs, g1 gc, windows-amd64)
# No core dump will be written. Minidumps are not enabled by default on client versions of Windows
#

---------------  S U M M A R Y ------------

Command Line: -Xmx1G com.android.tools.r8.D8 --debug --min-api 21 --output obj\Debug\net8.0-android\android\bin\ --lib C:\Program Files (x86)\Android\android-sdk\platforms\android-34\android.jar obj\Debug\net8.0-android\android\bin\classes.zip C:\Users\Huseyin Sevuk\.nuget\packages\microsoft.android.ref.34\34.0.154\ref\net8.0\mono.android.jar C:\Program Files\dotnet\packs\Microsoft.Android.Sdk.Windows\34.0.154\tools\java_runtime_fastdev_net6.jar C:\Users\Huseyin Sevuk\.nuget\packages\xamarin.jetbrains.annotations\24.0.1.3\buildTransitive\net6.0-android31.0\..\..\jar\org.jetbrains.annotations-24.0.1.jar C:\Users\Huseyin Sevuk\.nuget\packages\xamarin.kotlin.stdlib\1.9.0.1\buildTransitive\net6.0-android31.0\..\..\jar\org.jetbrains.kotlin.kotlin-stdlib-1.9.0.jar C:\Users\Huseyin Sevuk\.nuget\packages\xamarin.kotlin.stdlib.jdk7\1.9.0.1\buildTransitive\net6.0-android31.0\..\..\jar\org.jetbrains.kotlin.kotlin-stdlib-jdk7-1.9.0.jar C:\Users\Huseyin Sevuk\.nuget\packages\xamarin.kotlin.stdlib.jdk8\1.9.0.1\buildTransitive\net6.0-android31.0\..\..\jar\org.jetbrains.kotlin.kotlin-stdlib-jdk8-1.9.0.jar C:\Users\Huseyin Sevuk\.nuget\packages\xamarin.kotlinx.coroutines.core.jvm\1.7.2.1\buildTransitive\net6.0-android31.0\..\..\jar\org.jetbrains.kotlinx.kotlinx-coroutines-core-jvm-1.7.2.jar C:\Users\Huseyin Sevuk\.nuget\packages\xamarin.kotlinx.coroutines.android\1.7.2.1\buildTransitive\net6.0-android31.0\..\..\jar\org.jetbrains.kotlinx.kotlinx-coroutines-android-1.7.2.jar C:\Users\Huseyin Sevuk\.nuget\packages\xamarin.google.j2objc.annotations\1.3.0.1\buildTransitive\net6.0-android31.0\..\..\jar\j2objc-annotations.jar C:\Users\Huseyin Sevuk\.nuget\packages\xamarin.google.guava.failureaccess\1.0.1.7\buildTransitive\net6.0-android31.0\..\..\jar\guava-failureaccess.jar C:\Users\Huseyin Sevuk\.nuget\packages\xamarin.checkerframework.checkerqual\3.22.1.1\buildTransitive\net6.0-android31.0\..\..\jar\checker-qual.jar C:\Users\Huseyin Sevuk\.nuget\packages\xamarin.google.guava\31.1.0.3\buildTransitive\net6.0-android31.0\..\..\jar\guava.jar C:\Users\Huseyin Sevuk\.nuget\packages\xamarin.androidx.annotation.jvm\1.6.0.2\buildTransitive\net6.0-android31.0\..\..\jar\androidx.annotation.annotation-jvm.jar C:\Users\Huseyin Sevuk\.nuget\packages\xamarin.androidx.collection\1.2.0.9\buildTransitive\net6.0-android31.0\..\..\jar\androidx.collection.collection.jar C:\Users\Huseyin Sevuk\.nuget\packages\xamarin.androidx.concurrent.futures\1.1.0.14\buildTransitive\net6.0-android31.0\..\..\jar\androidx.concurrent.concurrent-futures.jar C:\Users\Huseyin Sevuk\.nuget\packages\xamarin.androidx.lifecycle.common\2.6.1.3\buildTransitive\net6.0-android31.0\..\..\jar\androidx.lifecycle.lifecycle-common.jar C:\Users\Huseyin Sevuk\.nuget\packages\xamarin.androidx.arch.core.common\2.2.0.3\buildTransitive\net6.0-android31.0\..\..\jar\androidx.arch.core.core-common.jar C:\Users\Huseyin Sevuk\.nuget\packages\xamarin.androidx.resourceinspection.annotation\1.0.1.7\buildTransitive\net6.0-android31.0\..\..\jar\androidx.resourceinspection.resourceinspection-annotation.jar C:\Users\Huseyin Sevuk\.nuget\packages\xamarin.androidx.constraintlayout.core\1.0.4.6\buildTransitive\net6.0-android31.0\..\..\jar\androidx.constraintlayout.constraintlayout-core.jar C:\Users\Huseyin Sevuk\.nuget\packages\xamarin.androidx.collection.ktx\1.2.0.9\buildTransitive\net6.0-android31.0\..\..\jar\androidx.collection.collection-ktx.jar C:\Users\Huseyin Sevuk\.nuget\packages\xamarin.android.glide.disklrucache\4.15.1.2\buildTransitive\net6.0-android31.0\..\..\jar\disklrucache.jar C:\Users\Huseyin Sevuk\.nuget\packages\xamarin.android.glide.annotations\4.15.1.2\buildTransitive\net6.0-android31.0\..\..\jar\annotations.jar C:\Program Files\dotnet\packs\Microsoft.NETCore.App.Runtime.Mono.android-arm64\8.0.26\runtimes\android-arm64\native\libSystem.Security.Cryptography.Native.Android.jar obj\Debug\net8.0-android\lp\111\jl\classes.jar obj\Debug\net8.0-android\lp\112\jl\classes.jar obj\Debug\net8.0-android\lp\113\jl\classes.jar obj\Debug\net8.0-android\lp\114\jl\classes.jar obj\Debug\net8.0-android\lp\115\jl\classes.jar obj\Debug\net8.0-android\lp\116\jl\classes.jar obj\Debug\net8.0-android\lp\117\jl\classes.jar obj\Debug\net8.0-android\lp\118\jl\classes.jar obj\Debug\net8.0-android\lp\119\jl\classes.jar obj\Debug\net8.0-android\lp\120\jl\classes.jar obj\Debug\net8.0-android\lp\121\jl\classes.jar obj\Debug\net8.0-android\lp\122\jl\classes.jar obj\Debug\net8.0-android\lp\123\jl\classes.jar obj\Debug\net8.0-android\lp\124\jl\classes.jar obj\Debug\net8.0-android\lp\125\jl\classes.jar obj\Debug\net8.0-android\lp\126\jl\classes.jar obj\Debug\net8.0-android\lp\127\jl\classes.jar obj\Debug\net8.0-android\lp\128\jl\classes.jar obj\Debug\net8.0-android\lp\129\jl\classes.jar obj\Debug\net8.0-android\lp\130\jl\classes.jar obj\Debug\net8.0-android\lp\131\jl\classes.jar obj\Debug\net8.0-android\lp\132\jl\classes.jar obj\Debug\net8.0-android\lp\133\jl\classes.jar obj\Debug\net8.0-android\lp\134\jl\classes.jar obj\Debug\net8.0-android\lp\135\jl\classes.jar obj\Debug\net8.0-android\lp\136\jl\classes.jar obj\Debug\net8.0-android\lp\137\jl\classes.jar obj\Debug\net8.0-android\lp\138\jl\classes.jar obj\Debug\net8.0-android\lp\139\jl\classes.jar obj\Debug\net8.0-android\lp\140\jl\classes.jar obj\Debug\net8.0-android\lp\141\jl\classes.jar obj\Debug\net8.0-android\lp\141\jl\libs\repackaged.jar obj\Debug\net8.0-android\lp\142\jl\classes.jar obj\Debug\net8.0-android\lp\143\jl\classes.jar obj\Debug\net8.0-android\lp\144\jl\classes.jar obj\Debug\net8.0-android\lp\145\jl\classes.jar obj\Debug\net8.0-android\lp\146\jl\classes.jar obj\Debug\net8.0-android\lp\147\jl\classes.jar obj\Debug\net8.0-android\lp\148\jl\classes.jar obj\Debug\net8.0-android\lp\149\jl\classes.jar obj\Debug\net8.0-android\lp\150\jl\classes.jar obj\Debug\net8.0-android\lp\151\jl\classes.jar obj\Debug\net8.0-android\lp\152\jl\classes.jar obj\Debug\net8.0-android\lp\153\jl\classes.jar obj\Debug\net8.0-android\lp\154\jl\classes.jar obj\Debug\net8.0-android\lp\155\jl\classes.jar obj\Debug\net8.0-android\lp\156\jl\classes.jar obj\Debug\net8.0-android\lp\157\jl\classes.jar obj\Debug\net8.0-android\lp\158\jl\classes.jar obj\Debug\net8.0-android\lp\159\jl\classes.jar obj\Debug\net8.0-android\lp\160\jl\classes.jar obj\Debug\net8.0-android\lp\161\jl\classes.jar obj\Debug\net8.0-android\lp\162\jl\classes.jar obj\Debug\net8.0-android\lp\163\jl\classes.jar obj\Debug\net8.0-android\lp\164\jl\classes.jar obj\Debug\net8.0-android\lp\165\jl\classes.jar obj\Debug\net8.0-android\lp\166\jl\classes.jar obj\Debug\net8.0-android\lp\167\jl\classes.jar obj\Debug\net8.0-android\lp\168\jl\classes.jar obj\Debug\net8.0-android\lp\169\jl\classes.jar obj\Debug\net8.0-android\lp\170\jl\classes.jar obj\Debug\net8.0-android\lp\171\jl\classes.jar obj\Debug\net8.0-android\lp\172\jl\classes.jar obj\Debug\net8.0-android\lp\174\jl\classes.jar obj\Debug\net8.0-android\lp\175\jl\classes.jar obj\Debug\net8.0-android\lp\176\jl\classes.jar obj\Debug\net8.0-android\lp\178\jl\classes.jar obj\Debug\net8.0-android\lp\180\jl\classes.jar obj\Debug\net8.0-android\lp\181\jl\classes.jar obj\Debug\net8.0-android\lp\182\jl\classes.jar obj\Debug\net8.0-android\lp\185\jl\classes.jar obj\Debug\net8.0-android\lp\186\jl\classes.jar obj\Debug\net8.0-android\lp\187\jl\classes.jar obj\Debug\net8.0-android\lp\189\jl\classes.jar obj\Debug\net8.0-android\lp\191\jl\classes.jar obj\Debug\net8.0-android\lp\193\jl\classes.jar obj\Debug\net8.0-android\lp\195\jl\classes.jar obj\Debug\net8.0-android\lp\197\jl\libs\ED64959F88B22E6D.jar obj\Debug\net8.0-android\lp\198\jl\libs\2E7FD15AFA9B216B.jar obj\Debug\net8.0-android\lp\201\jl\classes.jar obj\Debug\net8.0-android\lp\204\jl\libs\F975D0960055A5E3.jar obj\Debug\net8.0-android\lp\205\jl\libs\B71CFF5D5A0B3AEB.jar --map-diagnostics warning info

Host: AMD Ryzen 5 3500U with Radeon Vega Mobile Gfx  , 8 cores, 6G,  Windows 11 , 64 bit Build 26100 (10.0.26100.8328)
Time: Sat Jun 13 12:27:57 2026 Türkiye Standart Saati elapsed time: 0.053861 seconds (0d 0h 0m 0s)

---------------  T H R E A D  ---------------

Current thread (0x000001ea923aeee0):  JavaThread "Unknown thread" [_thread_in_vm, id=31820, stack(0x000000b9ef900000,0x000000b9efa00000)]

Stack: [0x000000b9ef900000,0x000000b9efa00000]
Native frames: (J=compiled Java code, j=interpreted, Vv=VM code, C=native code)
V  [jvm.dll+0x6886b9]
V  [jvm.dll+0x83f6f8]
V  [jvm.dll+0x8411a3]
V  [jvm.dll+0x841813]
V  [jvm.dll+0x2495cf]
V  [jvm.dll+0x6855f9]
V  [jvm.dll+0x679a8a]
V  [jvm.dll+0x30afc7]
V  [jvm.dll+0x312536]
V  [jvm.dll+0x362eee]
V  [jvm.dll+0x36312d]
V  [jvm.dll+0x2e225c]
V  [jvm.dll+0x2e3174]
V  [jvm.dll+0x8115fb]
V  [jvm.dll+0x370c01]
V  [jvm.dll+0x7f00ef]
V  [jvm.dll+0x3f76ff]
V  [jvm.dll+0x3f9231]
C  [jli.dll+0x52a0]
C  [ucrtbase.dll+0x37b0]
C  [KERNEL32.DLL+0x2e957]
C  [ntdll.dll+0x427c]


---------------  P R O C E S S  ---------------

Threads class SMR info:
_java_thread_list=0x00007ffe46daefd8, length=0, elements={
}

Java Threads: ( => current thread )

Other Threads:
  0x000001ea923f17d0 GCTaskThread "GC Thread#0" [stack: 0x000000b9efa00000,0x000000b9efb00000] [id=14564]
  0x000001ea923fb300 ConcurrentGCThread "G1 Main Marker" [stack: 0x000000b9efb00000,0x000000b9efc00000] [id=13936]
  0x000001ea923fbc30 ConcurrentGCThread "G1 Conc#0" [stack: 0x000000b9efc00000,0x000000b9efd00000] [id=33052]

[error occurred during error reporting (printing all threads), id 0xc0000005, EXCEPTION_ACCESS_VIOLATION (0xc0000005) at pc=0x00007ffe46562db7]

VM state: not at safepoint (not fully initialized)

VM Mutex/Monitor currently owned by a thread:  ([mutex/lock_event])
[0x000001ea923ac470] Heap_lock - owner thread: 0x000001ea923aeee0

Heap address: 0x00000000c0000000, size: 1024 MB, Compressed Oops mode: 32-bit

CDS archive(s) mapped at: [0x0000000000000000-0x0000000000000000-0x0000000000000000), size 0, SharedBaseAddress: 0x0000000800000000, ArchiveRelocationMode: 1.
Narrow klass base: 0x0000000000000000, Narrow klass shift: 0, Narrow klass range: 0x0

GC Precious Log:
<Empty>

Heap:
 garbage-first heap   total 0K, used 0K [0x00000000c0000000, 0x0000000100000000)
  region size 1024K, 0 young (0K), 0 survivors (0K)

[error occurred during error reporting (printing heap information), id 0xc0000005, EXCEPTION_ACCESS_VIOLATION (0xc0000005) at pc=0x00007ffe469522e9]

GC Heap History (0 events):
No events

Dll operation events (1 events):
Event: 0.023 Loaded shared library C:\Program Files (x86)\Android\openjdk\jdk-17.0.14\bin\java.dll

Deoptimization events (0 events):
No events

Classes loaded (0 events):
No events

Classes unloaded (0 events):
No events

Classes redefined (0 events):
No events

Internal exceptions (0 events):
No events

VM Operations (0 events):
No events

Memory protections (0 events):
No events

Nmethod flushes (0 events):
No events

Events (0 events):
No events


Dynamic libraries:
0x00007ff752ea0000 - 0x00007ff752eae000 	C:\Program Files (x86)\Android\openjdk\jdk-17.0.14\bin\java.exe
0x00007fff40ac0000 - 0x00007fff40d27000 	C:\WINDOWS\SYSTEM32\ntdll.dll
0x00007fff3eae0000 - 0x00007fff3eba9000 	C:\WINDOWS\System32\KERNEL32.DLL
0x00007fff3d4f0000 - 0x00007fff3d8e7000 	C:\WINDOWS\System32\KERNELBASE.dll
0x00007fff3e550000 - 0x00007fff3e69b000 	C:\WINDOWS\System32\ucrtbase.dll
0x00007ffef77f0000 - 0x00007ffef7807000 	C:\Program Files (x86)\Android\openjdk\jdk-17.0.14\bin\jli.dll
0x00007fff3f8f0000 - 0x00007fff3fab6000 	C:\WINDOWS\System32\USER32.dll
0x00007ffede140000 - 0x00007ffede15d000 	C:\Program Files (x86)\Android\openjdk\jdk-17.0.14\bin\VCRUNTIME140.dll
0x00007fff3e810000 - 0x00007fff3e837000 	C:\WINDOWS\System32\win32u.dll
0x00007fff40650000 - 0x00007fff4067b000 	C:\WINDOWS\System32\GDI32.dll
0x00007fff28850000 - 0x00007fff28ae2000 	C:\WINDOWS\WinSxS\amd64_microsoft.windows.common-controls_6595b64144ccf1df_6.0.26100.8457_none_3e0b2faee331e92d\COMCTL32.dll
0x00007fff3e420000 - 0x00007fff3e54c000 	C:\WINDOWS\System32\gdi32full.dll
0x00007fff3fd10000 - 0x00007fff3fdb9000 	C:\WINDOWS\System32\msvcrt.dll
0x00007fff3e1f0000 - 0x00007fff3e293000 	C:\WINDOWS\System32\msvcp_win.dll
0x00007fff40a30000 - 0x00007fff40a62000 	C:\WINDOWS\System32\IMM32.DLL
0x00007fff106e0000 - 0x00007fff106ec000 	C:\Program Files (x86)\Android\openjdk\jdk-17.0.14\bin\vcruntime140_1.dll
0x00007ffed40b0000 - 0x00007ffed413d000 	C:\Program Files (x86)\Android\openjdk\jdk-17.0.14\bin\msvcp140.dll
0x00007ffe46270000 - 0x00007ffe46ee2000 	C:\Program Files (x86)\Android\openjdk\jdk-17.0.14\bin\server\jvm.dll
0x00007fff40970000 - 0x00007fff40a26000 	C:\WINDOWS\System32\ADVAPI32.dll
0x00007fff40810000 - 0x00007fff408b7000 	C:\WINDOWS\System32\sechost.dll
0x00007fff3e940000 - 0x00007fff3ea58000 	C:\WINDOWS\System32\RPCRT4.dll
0x00007fff40780000 - 0x00007fff40800000 	C:\WINDOWS\System32\WS2_32.dll
0x00007fff3d370000 - 0x00007fff3d3ce000 	C:\WINDOWS\SYSTEM32\POWRPROF.dll
0x00007fff3a970000 - 0x00007fff3a9a6000 	C:\WINDOWS\SYSTEM32\WINMM.dll
0x00007fff368c0000 - 0x00007fff368cb000 	C:\WINDOWS\SYSTEM32\VERSION.dll
0x00007fff3d350000 - 0x00007fff3d364000 	C:\WINDOWS\SYSTEM32\UMPDC.dll
0x00007fff3c280000 - 0x00007fff3c29b000 	C:\WINDOWS\SYSTEM32\kernel.appcore.dll
0x00007fff06f00000 - 0x00007fff06f0a000 	C:\Program Files (x86)\Android\openjdk\jdk-17.0.14\bin\jimage.dll
0x00007fff3b130000 - 0x00007fff3b372000 	C:\WINDOWS\SYSTEM32\DBGHELP.DLL
0x00007fff3ebd0000 - 0x00007fff3ef53000 	C:\WINDOWS\System32\combase.dll
0x00007fff3ff60000 - 0x00007fff40039000 	C:\WINDOWS\System32\OLEAUT32.dll
0x00007fff21fe0000 - 0x00007fff2201b000 	C:\WINDOWS\SYSTEM32\dbgcore.DLL
0x00007fff3e760000 - 0x00007fff3e808000 	C:\WINDOWS\System32\bcryptPrimitives.dll
0x00007ffede110000 - 0x00007ffede135000 	C:\Program Files (x86)\Android\openjdk\jdk-17.0.14\bin\java.dll

dbghelp: loaded successfully - version: 4.0.5 - missing functions: none
symbol engine: initialized successfully - sym options: 0x614 - pdb path: .;C:\Program Files (x86)\Android\openjdk\jdk-17.0.14\bin;C:\WINDOWS\SYSTEM32;C:\WINDOWS\WinSxS\amd64_microsoft.windows.common-controls_6595b64144ccf1df_6.0.26100.8457_none_3e0b2faee331e92d;C:\Program Files (x86)\Android\openjdk\jdk-17.0.14\bin\server

VM Arguments:
jvm_args: -Xmx1G 
java_command: com.android.tools.r8.D8 --debug --min-api 21 --output obj\Debug\net8.0-android\android\bin\ --lib C:\Program Files (x86)\Android\android-sdk\platforms\android-34\android.jar obj\Debug\net8.0-android\android\bin\classes.zip C:\Users\Huseyin Sevuk\.nuget\packages\microsoft.android.ref.34\34.0.154\ref\net8.0\mono.android.jar C:\Program Files\dotnet\packs\Microsoft.Android.Sdk.Windows\34.0.154\tools\java_runtime_fastdev_net6.jar C:\Users\Huseyin Sevuk\.nuget\packages\xamarin.jetbrains.annotations\24.0.1.3\buildTransitive\net6.0-android31.0\..\..\jar\org.jetbrains.annotations-24.0.1.jar C:\Users\Huseyin Sevuk\.nuget\packages\xamarin.kotlin.stdlib\1.9.0.1\buildTransitive\net6.0-android31.0\..\..\jar\org.jetbrains.kotlin.kotlin-stdlib-1.9.0.jar C:\Users\Huseyin Sevuk\.nuget\packages\xamarin.kotlin.stdlib.jdk7\1.9.0.1\buildTransitive\net6.0-android31.0\..\..\jar\org.jetbrains.kotlin.kotlin-stdlib-jdk7-1.9.0.jar C:\Users\Huseyin Sevuk\.nuget\packages\xamarin.kotlin.stdlib.jdk8\1.9.0.1\buildTransitive\net6.0-android31.0\..\..\jar\org.jetbrains.kotlin.kotlin-stdlib-jdk8-1.9.0.jar C:\Users\Huseyin Sevuk\.nuget\packages\xamarin.kotlinx.coroutines.core.jvm\1.7.2.1\buildTransitive\net6.0-android31.0\..\..\jar\org.jetbrains.kotlinx.kotlinx-coroutines-core-jvm-1.7.2.jar C:\Users\Huseyin Sevuk\.nuget\packages\xamarin.kotlinx.coroutines.android\1.7.2.1\buildTransitive\net6.0-android31.0\..\..\jar\org.jetbrains.kotlinx.kotlinx-coroutines-android-1.7.2.jar C:\Users\Huseyin Sevuk\.nuget\packages\xamarin.google.j2objc.annotations\1.3.0.1\buildTransitive\net6.0-android31.0\..\..\jar\j2objc-annotations.jar C:\Users\Huseyin Sevuk\.nuget\packages\xamarin.google.guava.failureaccess\1.0.1.7\buildTransitive\net6.0-android31.0\..\..\jar\guava-failureaccess.jar C:\Users\Huseyin Sevuk\.nuget\packages\xamarin.checkerframework.checkerqual\3.22.1.1\buildTransitive\net6.0-android31.0\..\..\jar\checker-qual.jar C:\Users\Huseyin Sevuk\.nuget\packages\xamarin.google.guava\31.1.0.3\buildTra
java_class_path (initial): C:\Program Files\dotnet\packs\Microsoft.Android.Sdk.Windows\34.0.154\tools\r8.jar
Launcher Type: SUN_STANDARD

[Global flags]
     intx CICompilerCount                          = 4                                         {product} {ergonomic}
     uint ConcGCThreads                            = 2                                         {product} {ergonomic}
     uint G1ConcRefinementThreads                  = 8                                         {product} {ergonomic}
   size_t G1HeapRegionSize                         = 1048576                                   {product} {ergonomic}
    uintx GCDrainStackTargetSize                   = 64                                        {product} {ergonomic}
   size_t InitialHeapSize                          = 117440512                                 {product} {ergonomic}
   size_t MarkStackSize                            = 4194304                                   {product} {ergonomic}
   size_t MaxHeapSize                              = 1073741824                                {product} {command line}
   size_t MinHeapDeltaBytes                        = 1048576                                   {product} {ergonomic}
   size_t MinHeapSize                              = 8388608                                   {product} {ergonomic}
    uintx NonNMethodCodeHeapSize                   = 5839372                                {pd product} {ergonomic}
    uintx NonProfiledCodeHeapSize                  = 122909434                              {pd product} {ergonomic}
    uintx ProfiledCodeHeapSize                     = 122909434                              {pd product} {ergonomic}
    uintx ReservedCodeCacheSize                    = 251658240                              {pd product} {ergonomic}
     bool SegmentedCodeCache                       = true                                      {product} {ergonomic}
   size_t SoftMaxHeapSize                          = 1073741824                             {manageable} {ergonomic}
     bool UseCompressedClassPointers               = true                           {product lp64_product} {ergonomic}
     bool UseCompressedOops                        = true                           {product lp64_product} {ergonomic}
     bool UseG1GC                                  = true                                      {product} {ergonomic}
     bool UseLargePagesIndividualAllocation        = false                                  {pd product} {ergonomic}

Logging:
Log output configuration:
 #0: stdout all=warning uptime,level,tags
 #1: stderr all=off uptime,level,tags

Environment Variables:
JAVA_HOME=C:\Program Files (x86)\Android\openjdk\jdk-17.0.14
PATH=C:\Program Files (x86)\Android\openjdk\jdk-17.0.14\bin;C:\Program Files\Eclipse Adoptium\jdk-25.0.3.9-hotspot\bin;C:\Program Files\Eclipse Adoptium\jdk-21.0.11.10-hotspot\bin;C:\Python314\Scripts\;C:\Python314\;C:\Program Files (x86)\Common Files\Siemens\Bin;C:\Program Files (x86)\Common Files\Siemens\CommonArchiving;C:\Program Files (x86)\Common Files\Siemens\ACE\Bin;C:\Program Files\Common Files\Siemens\Automation\Simatic OAM\bin;C:\WINDOWS\system32;C:\WINDOWS;C:\WINDOWS\System32\Wbem;C:\WINDOWS\System32\WindowsPowerShell\v1.0\;C:\WINDOWS\System32\OpenSSH\;C:\Program Files\Git\cmd;C:\Program Files (x86)\Microsoft SQL Server\Client SDK\ODBC\110\Tools\Binn\;C:\Program Files (x86)\Microsoft SQL Server\120\Tools\Binn\;C:\Program Files (x86)\Microsoft SQL Server\120\DTS\Binn\;C:\Program Files\Microsoft SQL Server\Client SDK\ODBC\170\Tools\Binn\;C:\Program Files (x86)\Microsoft SQL Server\150\Tools\Binn\;C:\Program Files\Microsoft SQL Server\150\Tools\Binn\;C:\Program Files\Microsoft SQL Server\150\DTS\Binn\;C:\Program Files (x86)\Common Files\Siemens\;C:\Program Files (x86)\Common Files\Siemens\Interfaces;C:\Program Files (x86)\Common Files\Siemens\ACE\Interfaces;C:\Program Files\dotnet\;C:\Program Files (x86)\dotnet\;C:\Program Files\XAMPP\php;C:\Program Files\XAMPP\mysql\bin;C:\Program Files\PuTTY\;C:\Program Files\nodejs\;C:\ProgramData\chocolatey\bin;C:\Program Files (x86)\Windows Kits\10\Windows Performance Toolkit\;C:\Users\Huseyin Sevuk\.local\bin;C:\Users\Huseyin Sevuk\AppData\Local\Programs\Python\Python313\Scripts\;C:\Users\Huseyin Sevuk\AppData\Local\Programs\Python\Python313\;C:\Users\Huseyin Sevuk\AppData\Local\Programs\Python\Launcher\;C:\Users\Huseyin Sevuk\AppData\Local\Programs\Python\Python312\Scripts\;C:\Users\Huseyin Sevuk\AppData\Local\Programs\Python\Python312\;C:\Users\Huseyin Sevuk\AppData\Local\Microsoft\WindowsApps;C:\Users\Huseyin Sevuk\AppData\Local\spicetify;C:\Users\Huseyin Sevuk\AppData\Local\GitHubDesktop\bin;C:\Program Files\XAMPP\php;C:\Dev\flutter\bin;C:\Users\Huseyin Sevuk\AppData\Local\Programs\Antigravity\bin;C:\Users\Huseyin Sevuk\AppData\Local\Microsoft\WindowsApps;C:\Users\Huseyin Sevuk\AppData\Local\Programs\Microsoft VS Code\bin;C:\Users\Huseyin Sevuk\AppData\Roaming\npm;C:\Users\Huseyin Sevuk\.dotnet\tools;C:\Users\Huseyin Sevuk\AppData\Local\Programs\Antigravity IDE\bin
USERNAME=Huseyin Sevuk
OS=Windows_NT
PROCESSOR_IDENTIFIER=AMD64 Family 23 Model 24 Stepping 1, AuthenticAMD
TMP=C:\Users\Huseyin Sevuk\AppData\Local\Temp
TEMP=C:\Users\Huseyin Sevuk\AppData\Local\Temp



Periodic native trim disabled


---------------  S Y S T E M  ---------------

OS:
 Windows 11 , 64 bit Build 26100 (10.0.26100.8328)
OS uptime: 3 days 15:41 hours
Hyper-V role detected

CPU: total 8 (initial active 8) (8 cores per cpu, 2 threads per core) family 23 model 24 stepping 1 microcode 0x8108109, cx8, cmov, fxsr, ht, mmx, 3dnowpref, sse, sse2, sse3, ssse3, sse4a, sse4.1, sse4.2, popcnt, lzcnt, tsc, tscinvbit, avx, avx2, aes, clmul, bmi1, bmi2, adx, sha, fma, vzeroupper, clflush, clflushopt, hv
Processor Information for the first 8 processors :
  Max Mhz: 2100, Current Mhz: 2100, Mhz Limit: 2100

Memory: 4k page, system-wide physical 7103M (438M free)
TotalPageFile size 20602M (AvailPageFile size 28M)
current process WorkingSet (physical memory assigned to process): 12M, peak: 12M
current process commit charge ("private bytes"): 60M, peak: 172M

vm_info: OpenJDK 64-Bit Server VM (17.0.14+7-LTS) for windows-amd64 JRE (17.0.14+7-LTS), built on Jan  8 2025 23:39:28 by "MicrosoftCorporation" with unknown MS VC++:1939

END.
